// Jest Snapshot v1, https://goo.gl/fbAQLP

exports[`H1 1`] = `
.emotion-0 {
  font-size: 20px;
  color: yellow;
}

<h1
  className="emotion-0 emotion-1"
  color="yellow"
>
  Button
</h1>
`;
