// Jest Snapshot v1, https://goo.gl/fbAQLP

exports[`<H1 /> 1`] = `
<h1
  className="css-19fyqyq"
/>
`;
