// Jest Snapshot v1, https://goo.gl/fbAQLP

exports[`<Page /> 1`] = `
<div
  className="css-1dmfnyv"
/>
`;
